// Jest Snapshot v1, https://goo.gl/fbAQLP

exports[`Event renders as expect with bets 1`] = `
<DocumentFragment>
  <div
    class="betItemContainer"
  >
    <div
      class="top"
    >
      <div
        class="info"
      >
        <div
          class="outcomeName"
        >
          outcome
        </div>
        <div
          class="market"
        >
          MarketId: 1
        </div>
        <button
          class="remove"
        >
          remove 
          <div
            class="icon"
          >
            <svg
              height="512"
              id="Outline"
              viewBox="0 0 24 24"
              width="512"
              xmlns="http://www.w3.org/2000/svg"
            >
              <path
                d="M23.707.293h0a1,1,0,0,0-1.414,0L12,10.586,1.707.293a1,1,0,0,0-1.414,0h0a1,1,0,0,0,0,1.414L10.586,12,.293,22.293a1,1,0,0,0,0,1.414h0a1,1,0,0,0,1.414,0L12,13.414,22.293,23.707a1,1,0,0,0,1.414,0h0a1,1,0,0,0,0-1.414L13.414,12,23.707,1.707A1,1,0,0,0,23.707.293Z"
              />
            </svg>
          </div>
        </button>
      </div>
      <div
        class="actions"
      >
        <label>
          Stake
        </label>
        <input
          class="stake"
          data-testid="stake"
          name="stake"
          type="number"
          value=""
        />
        <label>
          Odds
        </label>
        <input
          class="odds"
          data-testid="odds"
          name="odds"
          type="number"
          value=""
        />
      </div>
    </div>
    <button
      class="placeBet"
    >
      Place Bet
    </button>
  </div>
</DocumentFragment>
`;
