// Jest Snapshot v1, https://goo.gl/fbAQLP

exports[`EventList renders as expect 1`] = `
<DocumentFragment>
  <div
    class="list"
  >
    <div
      class="title"
    >
      Football
    </div>
    <div
      class="eventsContainer"
    >
      <div>
        Event
      </div>
    </div>
  </div>
</DocumentFragment>
`;
